{
  "1": ".Y.OR..",
  "2": "Y..O.O..R",
  "3": "..........",
  "4": "..ORY..O..RR.O..OR."
}