{
  "0": "YRRY.YR.YRR.R.YRRY.",
  "1": "..ORY..O..RR.O..OR.",
  "2": ".Y.OR.Y.R..RO.RY.RR",
  "3": "Y.Y.RO...R.YRRYR..R",
  "4": ".Y..YRR...O..OR.R..",
  "5": "Y..Y..RR.Y.RY.RR.R.",
  "6": "..Y....RO..YR..RR.R",
  "7": ".Y.....YRRY..R..RR.",
  "8": "Y.....Y..OR...R..RR",
  "9" :".....Y..Y.RR...R..R",
  "10": "....Y..Y...RR...R..",
  "11" :"...Y..Y.....RR...R.",
  "12" : "..Y..Y.......RR...R",
  "13" :".Y..Y.........RR...",
  "14" :"Y..Y...........RR..",
  "15" :"..Y.............RR.",
  "16" :".Y...............RR",
  "17" :"Y.................R",
  "18" :"..................."
}